// Vitest Snapshot v1, https://vitest.dev/guide/snapshot.html

exports[`show small tree - integers 1`] = `
"└─ 15,17
    ├─ 0,0
    ├─ 0,17
    |   ├─ 0,0
    |   ├─ 0,9
    |   |   └─...
    |   |   └─...
    |   |   └─...
    |   ├─ 0,13
    |   |   └─...
    |   |   └─...
    |   ├─ 0,15
    |   |   └─...
    |   └─ 0,16
    ├─ 8,17
    |   ├─ 4,0
    |   |   └─...
    |   |   └─...
    |   ├─ 4,17
    |   |   └─...
    |   |   └─...
    |   |   └─...
    |   |   └─...
    |   |   └─...
    |   |   └─...
    |   |   └─...
    |   |   └─...
    |   |   └─...
    |   ├─ 6,17
    |   |   └─...
    |   |   └─...
    |   |   └─...
    |   |   └─...
    |   |   └─...
    |   |   └─...
    |   |   └─...
    |   ├─ 7,17
    |   |   └─...
    |   |   └─...
    |   |   └─...
    |   |   └─...
    |   |   └─...
    |   ├─ 8,0
    |   |   └─...
    |   |   └─...
    |   |   └─...
    |   ├─ 8,9
    |   |   └─...
    |   |   └─...
    |   |   └─...
    |   |   └─...
    |   |   └─...
    |   |   └─...
    |   |   └─...
    |   |   └─...
    |   ├─ 8,13
    |   |   └─...
    |   |   └─...
    |   |   └─...
    |   |   └─...
    |   |   └─...
    |   |   └─...
    |   |   └─...
    |   ├─ 8,15
    |   |   └─...
    |   |   └─...
    |   |   └─...
    |   |   └─...
    |   |   └─...
    |   ├─ 8,16
    |   |   └─...
    |   |   └─...
    |   |   └─...
    |   └─ 6,9
    |       └─...
    |       └─...
    |       └─...
    |       └─...
    |       └─...
    ├─ 12,17
    |   ├─ 10,0
    |   |   └─...
    |   ├─ 10,17
    |   |   └─...
    |   |   └─...
    |   |   └─...
    |   |   └─...
    |   |   └─...
    |   |   └─...
    |   |   └─...
    |   ├─ 11,17
    |   |   └─...
    |   |   └─...
    |   |   └─...
    |   |   └─...
    |   |   └─...
    |   ├─ 12,0
    |   |   └─...
    |   |   └─...
    |   ├─ 12,9
    |   |   └─...
    |   |   └─...
    |   |   └─...
    |   |   └─...
    |   |   └─...
    |   |   └─...
    |   |   └─...
    |   ├─ 12,13
    |   |   └─...
    |   |   └─...
    |   |   └─...
    |   |   └─...
    |   |   └─...
    |   |   └─...
    |   ├─ 12,15
    |   |   └─...
    |   |   └─...
    |   |   └─...
    |   |   └─...
    |   ├─ 12,16
    |   |   └─...
    |   |   └─...
    |   └─ 11,9
    |       └─...
    |       └─...
    |       └─...
    ├─ 14,17
    |   ├─ 13,0
    |   ├─ 13,17
    |   |   └─...
    |   |   └─...
    |   |   └─...
    |   |   └─...
    |   |   └─...
    |   ├─ 14,0
    |   |   └─...
    |   ├─ 14,9
    |   |   └─...
    |   |   └─...
    |   |   └─...
    |   |   └─...
    |   |   └─...
    |   ├─ 14,13
    |   |   └─...
    |   |   └─...
    |   |   └─...
    |   |   └─...
    |   ├─ 14,15
    |   |   └─...
    |   |   └─...
    |   |   └─...
    |   └─ 14,16
    |       └─...
    ├─ 15,0
    |   ├─ 0,0
    |   ├─ 8,0
    |   |   └─...
    |   |   └─...
    |   |   └─...
    |   ├─ 12,0
    |   |   └─...
    |   |   └─...
    |   └─ 14,0
    |       └─...
    ├─ 15,9
    |   ├─ 0,5
    |   |   └─...
    |   |   └─...
    |   ├─ 0,9
    |   |   └─...
    |   |   └─...
    |   |   └─...
    |   ├─ 8,9
    |   |   └─...
    |   |   └─...
    |   |   └─...
    |   |   └─...
    |   |   └─...
    |   |   └─...
    |   |   └─...
    |   |   └─...
    |   ├─ 12,9
    |   |   └─...
    |   |   └─...
    |   |   └─...
    |   |   └─...
    |   |   └─...
    |   |   └─...
    |   |   └─...
    |   ├─ 14,9
    |   |   └─...
    |   |   └─...
    |   |   └─...
    |   |   └─...
    |   |   └─...
    |   ├─ 15,5
    |   |   └─...
    |   |   └─...
    |   |   └─...
    |   |   └─...
    |   |   └─...
    |   |   └─...
    |   |   └─...
    |   |   └─...
    |   ├─ 15,7
    |   |   └─...
    |   |   └─...
    |   |   └─...
    |   |   └─...
    |   |   └─...
    |   |   └─...
    |   ├─ 15,8
    |   |   └─...
    |   |   └─...
    |   |   └─...
    |   |   └─...
    |   └─ 8,7
    |       └─...
    |       └─...
    |       └─...
    |       └─...
    |       └─...
    ├─ 15,13
    |   ├─ 0,11
    |   |   └─...
    |   ├─ 0,13
    |   |   └─...
    |   |   └─...
    |   ├─ 8,13
    |   |   └─...
    |   |   └─...
    |   |   └─...
    |   |   └─...
    |   |   └─...
    |   |   └─...
    |   |   └─...
    |   ├─ 12,13
    |   |   └─...
    |   |   └─...
    |   |   └─...
    |   |   └─...
    |   |   └─...
    |   |   └─...
    |   ├─ 14,13
    |   |   └─...
    |   |   └─...
    |   |   └─...
    |   |   └─...
    |   ├─ 15,11
    |   |   └─...
    |   |   └─...
    |   |   └─...
    |   |   └─...
    |   |   └─...
    |   |   └─...
    |   ├─ 15,12
    |   |   └─...
    |   |   └─...
    |   |   └─...
    |   |   └─...
    |   └─ 8,12
    |       └─...
    |       └─...
    |       └─...
    ├─ 15,15
    |   ├─ 0,14
    |   ├─ 0,15
    |   |   └─...
    |   ├─ 8,15
    |   |   └─...
    |   |   └─...
    |   |   └─...
    |   |   └─...
    |   |   └─...
    |   ├─ 12,15
    |   |   └─...
    |   |   └─...
    |   |   └─...
    |   |   └─...
    |   ├─ 14,15
    |   |   └─...
    |   |   └─...
    |   |   └─...
    |   └─ 15,14
    |       └─...
    |       └─...
    |       └─...
    |       └─...
    ├─ 15,16
    |   ├─ 0,16
    |   ├─ 8,16
    |   |   └─...
    |   |   └─...
    |   |   └─...
    |   ├─ 12,16
    |   |   └─...
    |   |   └─...
    |   └─ 14,16
    |       └─...
    └─ 8,9
        ├─ 4,5
        |   └─...
        |   └─...
        |   └─...
        |   └─...
        |   └─...
        |   └─...
        ├─ 4,9
        |   └─...
        |   └─...
        |   └─...
        |   └─...
        |   └─...
        |   └─...
        |   └─...
        ├─ 6,9
        |   └─...
        |   └─...
        |   └─...
        |   └─...
        |   └─...
        ├─ 7,9
        |   └─...
        |   └─...
        |   └─...
        ├─ 8,5
        |   └─...
        |   └─...
        |   └─...
        |   └─...
        |   └─...
        |   └─...
        |   └─...
        ├─ 8,7
        |   └─...
        |   └─...
        |   └─...
        |   └─...
        |   └─...
        ├─ 8,8
        |   └─...
        |   └─...
        |   └─...
        └─ 6,7
            └─...
            └─...
            └─..."
`;
